// Jest Snapshot v1, https://goo.gl/fbAQLP

exports[`SearchForm should match the snapshot 1`] = `
<header
  className="SearchForm"
>
  <h1
    className="header--h1"
  >
    What's
    <span
      className="header--span"
    >
       New?
    </span>
  </h1>
  <input
    className="header--input"
    name="search"
    onChange={[Function]}
    placeholder="Search for news article here."
    value=""
  />
  <button
    className="header--button"
    onClick={[Function]}
  >
    Search Now
  </button>
</header>
`;
